[2025-12-25 11:24:41,643] INFO - Вызов solve: начало обработки
[2025-12-25 11:24:41,645] INFO - Вызов sort_desc с массивом: [4, 5, 3]
[2025-12-25 11:24:41,646] INFO - Вызов sort_asc с массивом: [7, 4, 6]
[2025-12-25 11:24:41,647] INFO - Вызов sum_arrays_with_zero
[2025-12-25 11:24:41,647] INFO - Вызов sort_asc с массивом: [9, 10, 10]
[2025-12-25 11:24:41,648] INFO - Алгоритм завершён. Результат: [9, 10, 10]
[2025-12-25 11:24:41,649] INFO - Вызов sort_asc с массивом: [9, 10, 10]
[2025-12-25 11:24:44,718] INFO - Вызов solve: начало обработки
[2025-12-25 11:24:44,719] INFO - Вызов sort_desc с массивом: [4, 5, 3]
[2025-12-25 11:24:44,721] INFO - Вызов sort_asc с массивом: [7, 4, 6]
[2025-12-25 11:24:44,722] INFO - Вызов sum_arrays_with_zero
[2025-12-25 11:24:44,722] INFO - Вызов sort_asc с массивом: [9, 10, 10]
[2025-12-25 11:24:44,723] INFO - Алгоритм завершён. Результат: [9, 10, 10]
[2025-12-25 11:24:44,724] INFO - Вызов sort_asc с массивом: [9, 10, 10]
[2025-12-25 11:24:46,281] INFO - Вызов solve: начало обработки
[2025-12-25 11:24:46,287] INFO - Вызов sort_desc с массивом: [4, 5, 3]
[2025-12-25 11:24:46,296] INFO - Вызов sort_asc с массивом: [7, 4, 6]
[2025-12-25 11:24:46,351] INFO - Вызов sum_arrays_with_zero
[2025-12-25 11:24:46,427] INFO - Вызов sort_asc с массивом: [9, 10, 10]
[2025-12-25 11:24:46,428] INFO - Алгоритм завершён. Результат: [9, 10, 10]
[2025-12-25 11:24:46,432] INFO - Вызов sort_asc с массивом: [9, 10, 10]
[2025-12-25 11:34:04,039] INFO - Вызов solve: начало обработки
[2025-12-25 11:34:04,096] INFO - Вызов sort_desc с массивом: [5, 7, 4]
[2025-12-25 11:34:04,100] INFO - Вызов sort_asc с массивом: [4, 9, 3]
[2025-12-25 11:34:04,103] INFO - Вызов sum_arrays_with_zero
[2025-12-25 11:34:04,105] INFO - Вызов sort_asc с массивом: [10, 9, 13]
[2025-12-25 11:34:04,108] INFO - Алгоритм завершён. Результат: [9, 10, 13]
[2025-12-25 11:34:04,111] INFO - Вызов sort_asc с массивом: [10, 9, 13]
